/* prettier-ignore-start */
/* eslint-disable */

/******************************************************************************
 * This file was generated
 * DO NOT EDIT MANUALLY!
 ******************************************************************************/

import { LikeC4Model } from 'likec4/model'

export const likeC4Model = LikeC4Model.fromDump({
  specification: {
    elements: {
      person: {
        style: {
          shape: 'person',
        },
      },
      system: {},
      component: {},
      webapp: {
        style: {
          shape: 'browser',
        },
      },
      mobile: {
        style: {
          shape: 'mobile',
        },
      },
    },
    deployments: {
      env: {},
      zone: {},
      node: {},
    },
    relationships: {},
    tags: [],
  },
  elements: {
    customer: {
      id: 'customer',
      kind: 'person',
      title: 'customer',
      description: null,
      technology: null,
      tags: null,
      color: 'primary',
      shape: 'person',
      style: {},
      links: null,
    },
    cloud: {
      id: 'cloud',
      kind: 'system',
      title: 'cloud',
      description: null,
      technology: null,
      tags: null,
      color: 'primary',
      shape: 'rectangle',
      style: {},
      links: null,
    },
    'cloud.frontend': {
      id: 'cloud.frontend',
      kind: 'component',
      title: 'frontend',
      description: null,
      technology: null,
      tags: null,
      color: 'primary',
      shape: 'rectangle',
      style: {},
      links: null,
    },
    'cloud.frontend.dashboard': {
      id: 'cloud.frontend.dashboard',
      kind: 'webapp',
      title: 'dashboard',
      description: null,
      technology: null,
      tags: null,
      color: 'primary',
      shape: 'browser',
      style: {},
      links: null,
    },
    'cloud.frontend.mobile': {
      id: 'cloud.frontend.mobile',
      kind: 'mobile',
      title: 'mobile',
      description: null,
      technology: null,
      tags: null,
      color: 'primary',
      shape: 'mobile',
      style: {},
      links: null,
    },
    'cloud.auth': {
      id: 'cloud.auth',
      kind: 'component',
      title: 'auth',
      description: null,
      technology: null,
      tags: null,
      color: 'primary',
      shape: 'rectangle',
      style: {},
      links: null,
    },
    'cloud.backend': {
      id: 'cloud.backend',
      kind: 'component',
      title: 'backend',
      description: null,
      technology: null,
      tags: null,
      color: 'primary',
      shape: 'rectangle',
      style: {},
      links: null,
    },
    'cloud.backend.api': {
      id: 'cloud.backend.api',
      kind: 'component',
      title: 'api',
      description: null,
      technology: null,
      tags: null,
      color: 'primary',
      shape: 'rectangle',
      style: {},
      links: null,
    },
    'cloud.backend.graphql': {
      id: 'cloud.backend.graphql',
      kind: 'component',
      title: 'graphql',
      description: null,
      technology: null,
      tags: null,
      color: 'primary',
      shape: 'rectangle',
      style: {},
      links: null,
    },
    'cloud.media': {
      id: 'cloud.media',
      kind: 'component',
      title: 'media',
      description: null,
      technology: null,
      tags: null,
      color: 'primary',
      shape: 'storage',
      style: {},
      links: null,
    },
    aws: {
      id: 'aws',
      kind: 'system',
      title: 'aws',
      description: null,
      technology: null,
      tags: null,
      color: 'primary',
      shape: 'rectangle',
      style: {},
      links: null,
    },
    'aws.rds': {
      id: 'aws.rds',
      kind: 'component',
      title: 'rds',
      description: null,
      technology: null,
      tags: null,
      color: 'primary',
      shape: 'storage',
      style: {},
      links: null,
    },
    'aws.s3': {
      id: 'aws.s3',
      kind: 'component',
      title: 's3',
      description: null,
      technology: null,
      tags: null,
      color: 'primary',
      shape: 'storage',
      style: {},
      links: null,
    },
    email: {
      id: 'email',
      kind: 'system',
      title: 'email',
      description: null,
      technology: null,
      tags: null,
      color: 'primary',
      shape: 'rectangle',
      style: {},
      links: null,
    },
  },
  relations: {
    rel1: {
      id: 'rel1',
      source: 'customer',
      target: 'cloud',
      title: 'uses services',
    },
    rel2: {
      id: 'rel2',
      source: 'customer',
      target: 'cloud.frontend.mobile',
      title: 'opens mobile app',
    },
    rel3: {
      id: 'rel3',
      source: 'customer',
      target: 'cloud.frontend.dashboard',
      title: 'opens in browser',
    },
    rel4: {
      id: 'rel4',
      source: 'cloud.frontend.dashboard',
      target: 'cloud.auth',
      title: 'authenticates',
    },
    rel5: {
      id: 'rel5',
      source: 'cloud.frontend.dashboard',
      target: 'cloud.backend.api',
      title: 'fetches data',
    },
    rel6: {
      id: 'rel6',
      source: 'cloud.frontend.dashboard',
      target: 'cloud.media',
      title: 'fetches media',
    },
    rel7: {
      id: 'rel7',
      source: 'cloud.frontend.mobile',
      target: 'cloud.auth',
      title: 'authenticates',
    },
    rel8: {
      id: 'rel8',
      source: 'cloud.frontend.mobile',
      target: 'cloud.backend.api',
      title: 'fetches data',
    },
    rel9: {
      id: 'rel9',
      source: 'cloud.frontend.mobile',
      target: 'cloud.media',
      title: 'fetches media',
    },
    rel10: {
      id: 'rel10',
      source: 'cloud.backend.api',
      target: 'cloud.auth',
      title: 'authorizes',
    },
    rel11: {
      id: 'rel11',
      source: 'cloud.backend.api',
      target: 'cloud.media',
      title: 'uploads media',
    },
    rel12: {
      id: 'rel12',
      source: 'cloud.backend.api',
      target: 'aws.rds',
      title: 'reads/writes',
    },
    rel13: {
      id: 'rel13',
      source: 'cloud.backend.api',
      target: 'email',
      title: 'sends emails',
    },
    rel14: {
      id: 'rel14',
      source: 'cloud.media',
      target: 'aws.s3',
      title: 'uploads',
    },
    rel15: {
      id: 'rel15',
      source: 'email',
      target: 'customer',
      title: 'sends emails',
    },
  },
  globals: {
    predicates: {},
    dynamicPredicates: {},
    styles: {},
  },
  deployments: {
    elements: {
      customer: {
        id: 'customer',
        kind: 'node',
        title: 'customer',
        description: null,
        technology: null,
        tags: null,
        color: 'primary',
        shape: 'rectangle',
        style: {},
      },
      'customer.instance': {
        id: 'customer.instance',
        element: 'customer',
      },
      prod: {
        id: 'prod',
        kind: 'env',
        title: 'prod',
        description: null,
        technology: null,
        tags: null,
        color: 'primary',
        shape: 'rectangle',
        style: {},
      },
      'prod.eu': {
        id: 'prod.eu',
        kind: 'zone',
        title: 'eu',
        description: null,
        technology: null,
        tags: null,
        color: 'primary',
        shape: 'rectangle',
        style: {},
      },
      'prod.eu.zone1': {
        id: 'prod.eu.zone1',
        kind: 'zone',
        title: 'zone1',
        description: null,
        technology: null,
        tags: null,
        color: 'primary',
        shape: 'rectangle',
        style: {},
      },
      'prod.eu.zone1.ui': {
        id: 'prod.eu.zone1.ui',
        element: 'cloud.frontend.dashboard',
      },
      'prod.eu.zone1.api': {
        id: 'prod.eu.zone1.api',
        element: 'cloud.backend.api',
      },
      'prod.eu.zone2': {
        id: 'prod.eu.zone2',
        kind: 'zone',
        title: 'zone2',
        description: null,
        technology: null,
        tags: null,
        color: 'primary',
        shape: 'rectangle',
        style: {},
      },
      'prod.eu.zone2.ui': {
        id: 'prod.eu.zone2.ui',
        element: 'cloud.frontend.dashboard',
      },
      'prod.eu.zone2.api': {
        id: 'prod.eu.zone2.api',
        element: 'cloud.backend.api',
      },
      'prod.eu.media': {
        id: 'prod.eu.media',
        element: 'cloud.media',
      },
      'prod.eu.db': {
        id: 'prod.eu.db',
        element: 'aws.rds',
      },
      'prod.us': {
        id: 'prod.us',
        kind: 'zone',
        title: 'us',
        description: null,
        technology: null,
        tags: null,
        color: 'primary',
        shape: 'rectangle',
        style: {},
      },
      'prod.us.db': {
        id: 'prod.us.db',
        element: 'aws.rds',
      },
    },
    relations: {
      deploy_rel1: {
        id: 'deploy_rel1',
        source: {
          id: 'prod.eu.db',
        },
        target: {
          id: 'prod.us.db',
        },
        title: 'replicates',
      },
    },
  },
  imports: {},
  __: 'computed',
  views: {
    index: {
      id: 'index',
      title: null,
      description: null,
      tags: null,
      links: null,
      customColorDefinitions: {},
      __: 'element',
      autoLayout: {
        direction: 'TB',
      },
      hash: 'e83b636f6de8d6dc7fdb745349a384f8ebfad639',
      edges: [
        {
          id: 'customer:cloud',
          parent: null,
          source: 'customer',
          target: 'cloud',
          label: 'uses services',
          relations: [
            'rel1',
            'rel2',
            'rel3',
          ],
        },
        {
          id: 'email:customer',
          parent: null,
          source: 'email',
          target: 'customer',
          label: 'sends emails',
          relations: [
            'rel15',
          ],
        },
        {
          id: 'cloud:aws',
          parent: null,
          source: 'cloud',
          target: 'aws',
          label: '[...]',
          relations: [
            'rel12',
            'rel14',
          ],
        },
        {
          id: 'cloud:email',
          parent: null,
          source: 'cloud',
          target: 'email',
          label: 'sends emails',
          relations: [
            'rel13',
          ],
        },
      ],
      nodes: [
        {
          id: 'email',
          parent: null,
          kind: 'system',
          title: 'email',
          level: 0,
          color: 'primary',
          shape: 'rectangle',
          description: null,
          technology: null,
          tags: null,
          links: null,
          children: [],
          inEdges: [
            'cloud:email',
          ],
          outEdges: [
            'email:customer',
          ],
          modelRef: 1,
          style: {},
        },
        {
          id: 'customer',
          parent: null,
          kind: 'person',
          title: 'customer',
          level: 0,
          color: 'primary',
          shape: 'person',
          description: null,
          technology: null,
          tags: null,
          links: null,
          children: [],
          inEdges: [
            'email:customer',
          ],
          outEdges: [
            'customer:cloud',
          ],
          modelRef: 1,
          style: {},
        },
        {
          id: 'cloud',
          parent: null,
          kind: 'system',
          title: 'cloud',
          level: 0,
          color: 'primary',
          shape: 'rectangle',
          description: null,
          technology: null,
          tags: null,
          links: null,
          children: [],
          inEdges: [
            'customer:cloud',
          ],
          outEdges: [
            'cloud:aws',
            'cloud:email',
          ],
          modelRef: 1,
          style: {},
        },
        {
          id: 'aws',
          parent: null,
          kind: 'system',
          title: 'aws',
          level: 0,
          color: 'primary',
          shape: 'rectangle',
          description: null,
          technology: null,
          tags: null,
          links: null,
          children: [],
          inEdges: [
            'cloud:aws',
          ],
          outEdges: [],
          modelRef: 1,
          style: {},
        },
      ],
    },
    cloud: {
      id: 'cloud',
      title: null,
      description: null,
      tags: null,
      links: null,
      customColorDefinitions: {},
      viewOf: 'cloud',
      __: 'element',
      autoLayout: {
        direction: 'TB',
      },
      hash: '1a523d612d8c2ad78909f943d5abe155f185391a',
      edges: [
        {
          id: 'cloud.backend:cloud.auth',
          parent: 'cloud',
          source: 'cloud.backend',
          target: 'cloud.auth',
          label: 'authorizes',
          relations: [
            'rel10',
          ],
        },
        {
          id: 'cloud.backend:cloud.media',
          parent: 'cloud',
          source: 'cloud.backend',
          target: 'cloud.media',
          label: 'uploads media',
          relations: [
            'rel11',
          ],
        },
        {
          id: 'cloud.backend:aws',
          parent: null,
          source: 'cloud.backend',
          target: 'aws',
          label: 'reads/writes',
          relations: [
            'rel12',
          ],
        },
        {
          id: 'cloud.backend:email',
          parent: null,
          source: 'cloud.backend',
          target: 'email',
          label: 'sends emails',
          relations: [
            'rel13',
          ],
        },
        {
          id: 'cloud.media:aws',
          parent: null,
          source: 'cloud.media',
          target: 'aws',
          label: 'uploads',
          relations: [
            'rel14',
          ],
        },
        {
          id: 'customer:cloud.frontend.dashboard',
          parent: null,
          source: 'customer',
          target: 'cloud.frontend.dashboard',
          label: 'opens in browser',
          relations: [
            'rel3',
          ],
        },
        {
          id: 'cloud.frontend.dashboard:cloud.auth',
          parent: 'cloud',
          source: 'cloud.frontend.dashboard',
          target: 'cloud.auth',
          label: 'authenticates',
          relations: [
            'rel4',
          ],
        },
        {
          id: 'cloud.frontend.dashboard:cloud.backend',
          parent: 'cloud',
          source: 'cloud.frontend.dashboard',
          target: 'cloud.backend',
          label: 'fetches data',
          relations: [
            'rel5',
          ],
        },
        {
          id: 'cloud.frontend.dashboard:cloud.media',
          parent: 'cloud',
          source: 'cloud.frontend.dashboard',
          target: 'cloud.media',
          label: 'fetches media',
          relations: [
            'rel6',
          ],
        },
      ],
      nodes: [
        {
          id: 'customer',
          parent: null,
          kind: 'person',
          title: 'customer',
          level: 0,
          color: 'primary',
          shape: 'person',
          description: null,
          technology: null,
          tags: null,
          links: null,
          children: [],
          inEdges: [],
          outEdges: [
            'customer:cloud.frontend.dashboard',
          ],
          modelRef: 1,
          style: {},
        },
        {
          id: 'cloud',
          parent: null,
          kind: 'system',
          title: 'cloud',
          level: 0,
          color: 'primary',
          shape: 'rectangle',
          description: null,
          technology: null,
          tags: null,
          links: null,
          children: [
            'cloud.frontend',
            'cloud.backend',
            'cloud.auth',
            'cloud.media',
          ],
          inEdges: [
            'customer:cloud.frontend.dashboard',
          ],
          outEdges: [
            'cloud.backend:aws',
            'cloud.backend:email',
            'cloud.media:aws',
          ],
          modelRef: 1,
          style: {},
          depth: 2,
        },
        {
          id: 'cloud.frontend',
          parent: 'cloud',
          kind: 'component',
          title: 'frontend',
          level: 1,
          color: 'primary',
          shape: 'rectangle',
          description: null,
          technology: null,
          tags: null,
          links: null,
          children: [
            'cloud.frontend.dashboard',
          ],
          inEdges: [
            'customer:cloud.frontend.dashboard',
          ],
          outEdges: [
            'cloud.frontend.dashboard:cloud.auth',
            'cloud.frontend.dashboard:cloud.backend',
            'cloud.frontend.dashboard:cloud.media',
          ],
          modelRef: 1,
          style: {},
          depth: 1,
        },
        {
          id: 'cloud.frontend.dashboard',
          parent: 'cloud.frontend',
          kind: 'webapp',
          title: 'dashboard',
          level: 2,
          color: 'primary',
          shape: 'browser',
          description: null,
          technology: null,
          tags: null,
          links: null,
          children: [],
          inEdges: [
            'customer:cloud.frontend.dashboard',
          ],
          outEdges: [
            'cloud.frontend.dashboard:cloud.auth',
            'cloud.frontend.dashboard:cloud.backend',
            'cloud.frontend.dashboard:cloud.media',
          ],
          modelRef: 1,
          style: {},
        },
        {
          id: 'cloud.backend',
          parent: 'cloud',
          kind: 'component',
          title: 'backend',
          level: 1,
          color: 'primary',
          shape: 'rectangle',
          description: null,
          technology: null,
          tags: null,
          links: null,
          children: [],
          inEdges: [
            'cloud.frontend.dashboard:cloud.backend',
          ],
          outEdges: [
            'cloud.backend:cloud.auth',
            'cloud.backend:cloud.media',
            'cloud.backend:aws',
            'cloud.backend:email',
          ],
          modelRef: 1,
          style: {},
        },
        {
          id: 'cloud.auth',
          parent: 'cloud',
          kind: 'component',
          title: 'auth',
          level: 1,
          color: 'primary',
          shape: 'rectangle',
          description: null,
          technology: null,
          tags: null,
          links: null,
          children: [],
          inEdges: [
            'cloud.backend:cloud.auth',
            'cloud.frontend.dashboard:cloud.auth',
          ],
          outEdges: [],
          modelRef: 1,
          style: {},
        },
        {
          id: 'cloud.media',
          parent: 'cloud',
          kind: 'component',
          title: 'media',
          level: 1,
          color: 'primary',
          shape: 'storage',
          description: null,
          technology: null,
          tags: null,
          links: null,
          children: [],
          inEdges: [
            'cloud.backend:cloud.media',
            'cloud.frontend.dashboard:cloud.media',
          ],
          outEdges: [
            'cloud.media:aws',
          ],
          modelRef: 1,
          style: {},
        },
        {
          id: 'email',
          parent: null,
          kind: 'system',
          title: 'email',
          level: 0,
          color: 'primary',
          shape: 'rectangle',
          description: null,
          technology: null,
          tags: null,
          links: null,
          children: [],
          inEdges: [
            'cloud.backend:email',
          ],
          outEdges: [],
          modelRef: 1,
          style: {},
        },
        {
          id: 'aws',
          parent: null,
          kind: 'system',
          title: 'aws',
          level: 0,
          color: 'primary',
          shape: 'rectangle',
          description: null,
          technology: null,
          tags: null,
          links: null,
          children: [],
          inEdges: [
            'cloud.backend:aws',
            'cloud.media:aws',
          ],
          outEdges: [],
          modelRef: 1,
          style: {},
        },
      ],
    },
    prod: {
      id: 'prod',
      title: 'prod',
      description: null,
      tags: null,
      links: null,
      customColorDefinitions: {},
      __: 'deployment',
      autoLayout: {
        direction: 'TB',
      },
      hash: '162fafc65660c3ffa0b88d2d4c5996b159aca805',
      edges: [
        {
          id: 'customer.instance:prod.eu.zone1.ui',
          parent: null,
          source: 'customer.instance',
          target: 'prod.eu.zone1.ui',
          label: 'opens in browser',
          relations: [
            'rel3',
          ],
        },
      ],
      nodes: [
        {
          id: 'customer.instance',
          parent: null,
          kind: 'instance',
          title: 'customer',
          level: 0,
          color: 'primary',
          shape: 'person',
          description: null,
          technology: null,
          tags: null,
          links: null,
          children: [],
          inEdges: [],
          outEdges: [
            'customer.instance:prod.eu.zone1.ui',
          ],
          deploymentRef: 1,
          modelRef: 'customer',
          style: {},
        },
        {
          id: 'prod',
          parent: null,
          kind: 'env',
          title: 'prod',
          level: 0,
          color: 'primary',
          shape: 'rectangle',
          description: null,
          technology: null,
          tags: null,
          links: null,
          children: [
            'prod.eu.zone1.ui',
          ],
          inEdges: [
            'customer.instance:prod.eu.zone1.ui',
          ],
          outEdges: [],
          deploymentRef: 1,
          style: {},
          depth: 1,
        },
        {
          id: 'prod.eu.zone1.ui',
          parent: 'prod',
          kind: 'instance',
          title: 'dashboard',
          level: 1,
          color: 'primary',
          shape: 'browser',
          description: null,
          technology: null,
          tags: null,
          links: null,
          children: [],
          inEdges: [
            'customer.instance:prod.eu.zone1.ui',
          ],
          outEdges: [],
          deploymentRef: 1,
          modelRef: 'cloud.frontend.dashboard',
          style: {},
        },
      ],
    },
  },
})

export type LikeC4ModelTypes = typeof likeC4Model.Aux
export type LikeC4ElementId = LikeC4ModelTypes['Fqn']
export type LikeC4DeploymentId = LikeC4ModelTypes['Deployment']
export type LikeC4ViewId = LikeC4ModelTypes['ViewId']

/* prettier-ignore-end */