/* prettier-ignore-start */
/* eslint-disable */

/******************************************************************************
 * This file was generated
 * DO NOT EDIT MANUALLY!
 ******************************************************************************/

import type { PropsWithChildren } from 'react'
import type { JSX } from 'react/jsx-runtime'
import type { LikeC4Model } from '@likec4/core/model'
import type { DiagramView } from '@likec4/core/types'
import type {
  LikeC4ViewProps as GenericLikeC4ViewProps,
  ReactLikeC4Props as GenericReactLikeC4Props
} from 'likec4/react'

import type { Aux, SpecAux } from '@likec4/core/types';

export type $Specs = SpecAux<
  // Element kinds
  | "actor"
  | "component"
  | "system",
  // Deployment kinds
  | "env"
  | "vm",
  // Relationship kinds
  | "dislike"
  | "like",
  // Tags
  | "tag1"
  | "tag2",
  // Metadata keys
  | "key1"
  | "key2"
>

export type $Aux = Aux<
  "computed",
  // Elements
  | "alice"
  | "bob"
  | "cloud"
  | "cloud.backend"
  | "cloud.frontend"
  | "cloud.backend.api"
  | "cloud.backend.db",
  // Deployments
  | "dev"
  | "prod"
  | "dev.api"
  | "dev.vm1"
  | "prod.vm1"
  | "prod.vm2",
  // Views
  | "view1"
  | "view2",
  // Project ID
  "from-builder",
  $Specs
>

export type $ElementId = $Aux['ElementId']
export type $DeploymentId = $Aux['DeploymentId']
export type $ViewId = $Aux['ViewId']

export type $ElementKind = $Aux['ElementKind']
export type $RelationKind = $Aux['RelationKind']
export type $DeploymentKind = $Aux['DeploymentKind']
export type $Tag = $Aux['Tag']
export type $Tags = readonly $Aux['Tag'][]
export type $MetadataKey = $Aux['MetadataKey']


declare function isLikeC4ViewId(value: unknown): value is $ViewId;

declare const likec4model: LikeC4Model<$Aux>;
declare function useLikeC4Model(): LikeC4Model<$Aux>;
declare function useLikeC4View(viewId: $ViewId): DiagramView<$Aux>;

declare function LikeC4ModelProvider(props: PropsWithChildren): JSX.Element;

type IconRendererProps = {
  node: {
    id: string
    title: string
    icon?: string | undefined
  }
}
declare function RenderIcon(props: IconRendererProps): JSX.Element;

type LikeC4ViewProps = GenericLikeC4ViewProps<$Aux>;
declare function LikeC4View({viewId, ...props}: LikeC4ViewProps): JSX.Element;

type ReactLikeC4Props = GenericReactLikeC4Props<$Aux>
declare function ReactLikeC4({viewId, ...props}: ReactLikeC4Props): JSX.Element;

export {
  type LikeC4ViewProps,
  type ReactLikeC4Props,
  isLikeC4ViewId,
  useLikeC4Model,
  useLikeC4View,
  likec4model,
  LikeC4ModelProvider,
  LikeC4View,
  RenderIcon,
  ReactLikeC4
}
/* prettier-ignore-end */
