{
  _type: 'deployment',
  tags: null,
  links: null,
  _stage: 'layouted',
  sourcePath: 'deployment.c4',
  description: null,
  title: 'Deployment / Production',
  id: 'production',
  autoLayout: {
    direction: 'TB',
  },
  notation: {
    nodes: [
      {
        title: 'Application',
        shape: 'rectangle',
        color: 'muted',
        kinds: [
          'instance',
        ],
      },
      {
        title: 'Application',
        shape: 'rectangle',
        color: 'green',
        kinds: [
          'instance',
        ],
      },
      {
        title: 'Application',
        shape: 'rectangle',
        color: 'primary',
        kinds: [
          'instance',
        ],
      },
      {
        title: 'Availability Zone',
        shape: 'rectangle',
        color: 'muted',
        kinds: [
          'zone',
        ],
      },
      {
        title: 'Environment',
        shape: 'rectangle',
        color: 'gray',
        kinds: [
          'environment',
        ],
      },
      {
        title: 'Geo Region',
        shape: 'rectangle',
        color: 'muted',
        kinds: [
          'region',
        ],
      },
      {
        title: 'Geo Region',
        shape: 'rectangle',
        color: 'primary',
        kinds: [
          'region',
        ],
      },
    ],
  },
  hash: '7b7abcf15bebb4e64f42d9db822bdba4196120d3',
  bounds: {
    x: 8,
    y: -217,
    width: 1730,
    height: 2152,
  },
  nodes: [
    {
      id: 'customer',
      parent: null,
      level: 0,
      children: [],
      inEdges: [],
      outEdges: [
        'hxrgbq',
        'hxv5tx',
        '1pvctly',
      ],
      deploymentRef: 'customer',
      title: 'Cloud System Customer',
      kind: 'node',
      color: 'primary',
      shape: 'person',
      modelRef: 'customer',
      icon: 'file:///Users/davydkov/Projects/like-c4/likec4/examples/multi-project/projectA/user.svg',
      description: {
        txt: 'The regular customer of the system',
      },
      tags: [],
      style: {
        opacity: 15,
        size: 'md',
      },
      navigateTo: 'customer',
      x: 389,
      y: -217,
      width: 362,
      height: 180,
      labelBBox: {
        x: 46,
        y: 64,
        width: 300,
        height: 47,
      },
    },
    {
      id: 'prod',
      parent: null,
      level: 0,
      children: [
        'prod.eu',
        'prod.us',
      ],
      inEdges: [
        'hxrgbq',
        'hxv5tx',
        '1pvctly',
      ],
      outEdges: [],
      deploymentRef: 'prod',
      title: 'Production environment',
      notation: 'Environment',
      kind: 'environment',
      technology: 'OpenTofu',
      color: 'gray',
      shape: 'rectangle',
      tags: [],
      style: {
        opacity: 15,
        size: 'md',
      },
      depth: 4,
      x: 8,
      y: 275,
      width: 1730,
      height: 1660,
      labelBBox: {
        x: 6,
        y: 0,
        width: 165,
        height: 15,
      },
    },
    {
      id: 'prod.eu',
      parent: 'prod',
      level: 1,
      children: [
        'prod.eu.zone1',
      ],
      inEdges: [
        'hxrgbq',
        'hxv5tx',
      ],
      outEdges: [
        'mgf3t7',
      ],
      deploymentRef: 'prod.eu',
      title: 'EU',
      notation: 'Geo Region',
      kind: 'region',
      color: 'muted',
      shape: 'rectangle',
      description: {
        txt: 'Geo Region',
      },
      tags: [],
      style: {
        opacity: 15,
        size: 'md',
      },
      depth: 3,
      x: 58,
      y: 346,
      width: 1058,
      height: 1539,
      labelBBox: {
        x: 6,
        y: 1,
        width: 20,
        height: 15,
      },
    },
    {
      id: 'prod.eu.zone1',
      parent: 'prod.eu',
      level: 2,
      children: [
        'prod.eu.zone1.server1',
        'prod.eu.zone1.server2',
        'prod.eu.zone1.server3',
        'prod.eu.zone1.server4',
        'prod.eu.zone1.amazon',
      ],
      inEdges: [
        'hxrgbq',
        'hxv5tx',
      ],
      outEdges: [
        'mgf3t7',
      ],
      deploymentRef: 'prod.eu.zone1',
      title: 'zone1',
      notation: 'Availability Zone',
      kind: 'zone',
      color: 'muted',
      shape: 'rectangle',
      description: {
        txt: 'Availability Zone',
      },
      tags: [],
      style: {
        opacity: 15,
        size: 'md',
      },
      depth: 2,
      x: 90,
      y: 400,
      width: 994,
      height: 1453,
      labelBBox: {
        x: 6,
        y: 0,
        width: 41,
        height: 15,
      },
    },
    {
      id: 'prod.eu.zone1.server1',
      parent: 'prod.eu.zone1',
      level: 3,
      children: [
        'prod.eu.zone1.server1.ui',
        'prod.eu.zone1.server1.graphql',
      ],
      inEdges: [
        'hxrgbq',
      ],
      outEdges: [
        'zzn5bf',
        'mdnpv0',
      ],
      deploymentRef: 'prod.eu.zone1.server1',
      title: 'server1',
      kind: 'node',
      color: 'green',
      shape: 'rectangle',
      tags: [],
      style: {
        opacity: 15,
        size: 'md',
      },
      depth: 1,
      x: 140,
      y: 471,
      width: 422,
      height: 634,
      labelBBox: {
        x: 6,
        y: 1,
        width: 56,
        height: 15,
      },
    },
    {
      id: 'prod.eu.zone1.server2',
      parent: 'prod.eu.zone1',
      level: 3,
      children: [
        'prod.eu.zone1.server2.ui',
        'prod.eu.zone1.server2.graphql',
      ],
      inEdges: [
        'hxv5tx',
      ],
      outEdges: [
        '1txcaco',
        '4l2z5b',
      ],
      deploymentRef: 'prod.eu.zone1.server2',
      title: 'server2',
      kind: 'node',
      color: 'indigo',
      shape: 'rectangle',
      tags: [],
      style: {
        opacity: 15,
        size: 'md',
      },
      depth: 1,
      x: 612,
      y: 471,
      width: 422,
      height: 634,
      labelBBox: {
        x: 6,
        y: 1,
        width: 56,
        height: 15,
      },
    },
    {
      id: 'prod.us',
      parent: 'prod',
      level: 1,
      children: [
        'prod.us.serv1',
        'prod.us.serv2',
        'prod.us.amazon',
      ],
      inEdges: [
        '1pvctly',
        'mgf3t7',
      ],
      outEdges: [],
      deploymentRef: 'prod.us',
      title: 'US',
      notation: 'Geo Region',
      kind: 'region',
      color: 'primary',
      shape: 'rectangle',
      description: {
        txt: 'Geo Region',
      },
      tags: [],
      style: {
        opacity: 15,
        size: 'md',
      },
      depth: 2,
      x: 1166,
      y: 400,
      width: 522,
      height: 1435,
      labelBBox: {
        x: 6,
        y: 0,
        width: 20,
        height: 15,
      },
    },
    {
      id: 'prod.us.serv1',
      parent: 'prod.us',
      level: 2,
      children: [
        'prod.us.serv1.ui',
        'prod.us.serv1.graphql',
      ],
      inEdges: [
        '1pvctly',
      ],
      outEdges: [
        'nrmsq',
      ],
      deploymentRef: 'prod.us.serv1',
      title: 'serv1',
      kind: 'node',
      color: 'primary',
      shape: 'rectangle',
      tags: [],
      style: {
        opacity: 15,
        size: 'md',
      },
      depth: 1,
      x: 1216,
      y: 471,
      width: 422,
      height: 634,
      labelBBox: {
        x: 6,
        y: 1,
        width: 40,
        height: 15,
      },
    },
    {
      id: 'prod.eu.zone1.server1.ui',
      parent: 'prod.eu.zone1.server1',
      level: 4,
      children: [],
      inEdges: [
        'hxrgbq',
      ],
      outEdges: [
        '1c09xyp',
      ],
      kind: 'instance',
      title: 'Frontends',
      description: {
        txt: 'All the frontend applications\nof Cloud System',
      },
      tags: [],
      color: 'green',
      shape: 'browser',
      style: {
        opacity: 50,
        size: 'md',
      },
      deploymentRef: 'prod.eu.zone1.server1.ui',
      modelRef: 'cloud.ui',
      navigateTo: 'cloud_ui',
      x: 191,
      y: 543,
      width: 320,
      height: 180,
      labelBBox: {
        x: 66,
        y: 55,
        width: 188,
        height: 65,
      },
    },
    {
      id: 'prod.eu.zone1.server2.ui',
      parent: 'prod.eu.zone1.server2',
      level: 4,
      children: [],
      inEdges: [
        'hxv5tx',
      ],
      outEdges: [
        '1lz86j5',
      ],
      kind: 'instance',
      title: 'Frontends',
      description: {
        txt: 'All the frontend applications\nof Cloud System',
      },
      tags: [],
      color: 'indigo',
      shape: 'browser',
      style: {
        opacity: 50,
        size: 'md',
      },
      deploymentRef: 'prod.eu.zone1.server2.ui',
      modelRef: 'cloud.ui',
      navigateTo: 'cloud_ui',
      x: 663,
      y: 543,
      width: 320,
      height: 180,
      labelBBox: {
        x: 66,
        y: 55,
        width: 188,
        height: 65,
      },
    },
    {
      id: 'prod.eu.zone1.server1.graphql',
      parent: 'prod.eu.zone1.server1',
      level: 4,
      children: [],
      inEdges: [
        '1c09xyp',
      ],
      outEdges: [
        'zzn5bf',
        'mdnpv0',
      ],
      kind: 'instance',
      title: 'GraphQL',
      description: {
        txt: 'GraphQL API for the backend\nUses Apollo Server',
      },
      tags: [
        'api',
        'next',
      ],
      icon: 'tech:graphql',
      color: 'green',
      shape: 'rectangle',
      style: {
        opacity: 50,
        size: 'md',
      },
      deploymentRef: 'prod.eu.zone1.server1.graphql',
      modelRef: 'cloud.next.graphql',
      navigateTo: 'graphql',
      x: 190,
      y: 875,
      width: 321,
      height: 180,
      labelBBox: {
        x: 47,
        y: 55,
        width: 259,
        height: 64,
      },
    },
    {
      id: 'prod.eu.zone1.server2.graphql',
      parent: 'prod.eu.zone1.server2',
      level: 4,
      children: [],
      inEdges: [
        '1lz86j5',
      ],
      outEdges: [
        '1txcaco',
        '4l2z5b',
      ],
      kind: 'instance',
      title: 'GraphQL',
      description: {
        txt: 'GraphQL API for the backend\nUses Apollo Server',
      },
      tags: [
        'api',
        'next',
      ],
      icon: 'tech:graphql',
      color: 'indigo',
      shape: 'rectangle',
      style: {
        opacity: 50,
        size: 'md',
      },
      deploymentRef: 'prod.eu.zone1.server2.graphql',
      modelRef: 'cloud.next.graphql',
      navigateTo: 'graphql',
      x: 662,
      y: 875,
      width: 321,
      height: 180,
      labelBBox: {
        x: 47,
        y: 55,
        width: 259,
        height: 64,
      },
    },
    {
      id: 'prod.eu.zone1.server3',
      parent: 'prod.eu.zone1',
      level: 3,
      children: [
        'prod.eu.zone1.server3.backend',
        'prod.eu.zone1.server3.events',
      ],
      inEdges: [
        'zzn5bf',
        '1txcaco',
      ],
      outEdges: [
        '8tm83h',
        '1njgi00',
      ],
      deploymentRef: 'prod.eu.zone1.server3',
      title: 'server3',
      kind: 'node',
      color: 'muted',
      shape: 'rectangle',
      tags: [],
      style: {
        opacity: 15,
        size: 'md',
      },
      depth: 1,
      x: 140,
      y: 1149,
      width: 420,
      height: 654,
      labelBBox: {
        x: 6,
        y: 1,
        width: 56,
        height: 15,
      },
    },
    {
      id: 'prod.eu.zone1.server3.backend',
      parent: 'prod.eu.zone1.server3',
      level: 4,
      children: [],
      inEdges: [
        'zzn5bf',
        '1txcaco',
      ],
      outEdges: [
        'm4ekiv',
        '8tm83h',
      ],
      kind: 'instance',
      title: 'Backend V2',
      description: {
        txt: 'The next version of backend',
      },
      tags: [
        'api',
      ],
      icon: 'tech:nestjs',
      color: 'muted',
      shape: 'rectangle',
      style: {
        opacity: 15,
        size: 'md',
        multiple: true,
      },
      deploymentRef: 'prod.eu.zone1.server3.backend',
      modelRef: 'cloud.next.backend',
      notation: 'Application',
      navigateTo: 'backend',
      x: 190,
      y: 1221,
      width: 320,
      height: 180,
      labelBBox: {
        x: 50,
        y: 64,
        width: 251,
        height: 47,
      },
    },
    {
      id: 'prod.eu.zone1.server3.events',
      parent: 'prod.eu.zone1.server3',
      level: 4,
      children: [],
      inEdges: [
        'm4ekiv',
      ],
      outEdges: [
        '1njgi00',
      ],
      kind: 'instance',
      title: 'Events Manager',
      tags: [],
      color: 'muted',
      shape: 'rectangle',
      style: {
        opacity: 50,
        size: 'md',
      },
      deploymentRef: 'prod.eu.zone1.server3.events',
      modelRef: 'cloud.next.events',
      x: 190,
      y: 1573,
      width: 320,
      height: 180,
      labelBBox: {
        x: 85,
        y: 75,
        width: 150,
        height: 24,
      },
    },
    {
      id: 'prod.eu.zone1.server4',
      parent: 'prod.eu.zone1',
      level: 3,
      children: [
        'prod.eu.zone1.server4.backend',
      ],
      inEdges: [
        'mdnpv0',
        '4l2z5b',
        '1njgi00',
      ],
      outEdges: [
        '1x252je',
      ],
      deploymentRef: 'prod.eu.zone1.server4',
      title: 'Backend V2',
      kind: 'node',
      color: 'green',
      shape: 'rectangle',
      modelRef: 'cloud.next.backend',
      icon: 'tech:nestjs',
      description: {
        txt: 'The next version of backend',
      },
      tags: [
        'api',
      ],
      style: {
        opacity: 15,
        size: 'md',
      },
      depth: 1,
      navigateTo: 'backend',
      x: 650,
      y: 1167,
      width: 384,
      height: 266,
      labelBBox: {
        x: 6,
        y: 1,
        width: 78,
        height: 15,
      },
    },
    {
      id: 'prod.eu.zone1.server4.backend',
      parent: 'prod.eu.zone1.server4',
      level: 4,
      children: [],
      inEdges: [
        'mdnpv0',
        '4l2z5b',
        '1njgi00',
      ],
      outEdges: [
        '1x252je',
      ],
      kind: 'instance',
      title: 'Backend V2',
      description: {
        txt: 'The next version of backend',
      },
      tags: [
        'api',
      ],
      icon: 'tech:nestjs',
      color: 'green',
      shape: 'rectangle',
      style: {
        opacity: 15,
        size: 'md',
        multiple: true,
      },
      deploymentRef: 'prod.eu.zone1.server4.backend',
      modelRef: 'cloud.next.backend',
      notation: 'Application',
      navigateTo: 'backend',
      x: 682,
      y: 1221,
      width: 320,
      height: 180,
      labelBBox: {
        x: 50,
        y: 64,
        width: 251,
        height: 47,
      },
    },
    {
      id: 'prod.eu.zone1.amazon',
      parent: 'prod.eu.zone1',
      level: 3,
      children: [
        'prod.eu.zone1.amazon.rds',
      ],
      inEdges: [
        '8tm83h',
        '1x252je',
      ],
      outEdges: [
        'mgf3t7',
      ],
      deploymentRef: 'prod.eu.zone1.amazon',
      title: 'Amazon',
      kind: 'group',
      color: 'amber',
      shape: 'storage',
      modelRef: 'amazon.rds',
      icon: 'aws:rds',
      description: {
        txt: 'Relational Database Service',
      },
      tags: [],
      style: {
        opacity: 15,
        size: 'md',
      },
      depth: 1,
      navigateTo: 'amazon_rds',
      x: 650,
      y: 1519,
      width: 384,
      height: 266,
      labelBBox: {
        x: 6,
        y: 1,
        width: 53,
        height: 15,
      },
    },
    {
      id: 'prod.eu.zone1.amazon.rds',
      parent: 'prod.eu.zone1.amazon',
      level: 4,
      children: [],
      inEdges: [
        '8tm83h',
        '1x252je',
      ],
      outEdges: [
        'mgf3t7',
      ],
      kind: 'instance',
      title: 'RDS',
      description: {
        txt: 'Relational Database Service',
      },
      tags: [],
      icon: 'aws:rds',
      color: 'amber',
      shape: 'storage',
      style: {
        opacity: 50,
        size: 'md',
      },
      deploymentRef: 'prod.eu.zone1.amazon.rds',
      modelRef: 'amazon.rds',
      navigateTo: 'amazon_rds',
      x: 682,
      y: 1573,
      width: 320,
      height: 180,
      labelBBox: {
        x: 50,
        y: 64,
        width: 250,
        height: 47,
      },
    },
    {
      id: 'prod.us.serv1.ui',
      parent: 'prod.us.serv1',
      level: 3,
      children: [],
      inEdges: [
        '1pvctly',
      ],
      outEdges: [
        'lk78dt',
      ],
      kind: 'instance',
      title: 'Frontends',
      description: {
        txt: 'All the frontend applications\nof Cloud System',
      },
      tags: [],
      color: 'primary',
      shape: 'browser',
      style: {
        opacity: 50,
        size: 'md',
      },
      deploymentRef: 'prod.us.serv1.ui',
      modelRef: 'cloud.ui',
      navigateTo: 'cloud_ui',
      x: 1267,
      y: 543,
      width: 320,
      height: 180,
      labelBBox: {
        x: 66,
        y: 55,
        width: 188,
        height: 65,
      },
    },
    {
      id: 'prod.us.serv1.graphql',
      parent: 'prod.us.serv1',
      level: 3,
      children: [],
      inEdges: [
        'lk78dt',
      ],
      outEdges: [
        'nrmsq',
      ],
      kind: 'instance',
      title: 'GraphQL',
      description: {
        txt: 'GraphQL API for the backend\nUses Apollo Server',
      },
      tags: [
        'api',
        'next',
      ],
      icon: 'tech:graphql',
      color: 'primary',
      shape: 'rectangle',
      style: {
        opacity: 50,
        size: 'md',
      },
      deploymentRef: 'prod.us.serv1.graphql',
      modelRef: 'cloud.next.graphql',
      navigateTo: 'graphql',
      x: 1266,
      y: 875,
      width: 321,
      height: 180,
      labelBBox: {
        x: 47,
        y: 55,
        width: 259,
        height: 64,
      },
    },
    {
      id: 'prod.us.serv2',
      parent: 'prod.us',
      level: 2,
      children: [
        'prod.us.serv2.backend',
      ],
      inEdges: [
        'nrmsq',
      ],
      outEdges: [
        '18qokbv',
      ],
      deploymentRef: 'prod.us.serv2',
      title: 'Backend V2',
      kind: 'node',
      color: 'primary',
      shape: 'rectangle',
      modelRef: 'cloud.next.backend',
      icon: 'tech:nestjs',
      description: {
        txt: 'The next version of backend',
      },
      tags: [
        'api',
      ],
      style: {
        opacity: 15,
        size: 'md',
      },
      depth: 1,
      navigateTo: 'backend',
      x: 1232,
      y: 1167,
      width: 384,
      height: 266,
      labelBBox: {
        x: 6,
        y: 1,
        width: 78,
        height: 15,
      },
    },
    {
      id: 'prod.us.serv2.backend',
      parent: 'prod.us.serv2',
      level: 3,
      children: [],
      inEdges: [
        'nrmsq',
      ],
      outEdges: [
        '18qokbv',
      ],
      kind: 'instance',
      title: 'Backend V2',
      description: {
        txt: 'The next version of backend',
      },
      tags: [
        'api',
      ],
      icon: 'tech:nestjs',
      color: 'primary',
      shape: 'rectangle',
      style: {
        opacity: 15,
        size: 'md',
        multiple: true,
      },
      deploymentRef: 'prod.us.serv2.backend',
      modelRef: 'cloud.next.backend',
      notation: 'Application',
      navigateTo: 'backend',
      x: 1264,
      y: 1221,
      width: 320,
      height: 180,
      labelBBox: {
        x: 50,
        y: 64,
        width: 251,
        height: 47,
      },
    },
    {
      id: 'prod.us.amazon',
      parent: 'prod.us',
      level: 2,
      children: [
        'prod.us.amazon.rds',
      ],
      inEdges: [
        '18qokbv',
        'mgf3t7',
      ],
      outEdges: [],
      deploymentRef: 'prod.us.amazon',
      title: 'Amazon',
      kind: 'group',
      color: 'amber',
      shape: 'rectangle',
      tags: [],
      style: {
        opacity: 15,
        size: 'md',
      },
      depth: 1,
      x: 1232,
      y: 1519,
      width: 384,
      height: 266,
      labelBBox: {
        x: 6,
        y: 1,
        width: 53,
        height: 15,
      },
    },
    {
      id: 'prod.us.amazon.rds',
      parent: 'prod.us.amazon',
      level: 3,
      children: [],
      inEdges: [
        '18qokbv',
        'mgf3t7',
      ],
      outEdges: [],
      kind: 'instance',
      title: 'RDS',
      description: {
        txt: 'Relational Database Service',
      },
      tags: [],
      icon: 'aws:rds',
      color: 'amber',
      shape: 'storage',
      style: {
        opacity: 50,
        size: 'md',
      },
      deploymentRef: 'prod.us.amazon.rds',
      modelRef: 'amazon.rds',
      navigateTo: 'amazon_rds',
      x: 1264,
      y: 1573,
      width: 320,
      height: 180,
      labelBBox: {
        x: 50,
        y: 64,
        width: 250,
        height: 47,
      },
    },
  ],
  edges: [
    {
      id: 'hxrgbq',
      source: 'customer',
      target: 'prod.eu.zone1.server1.ui',
      label: '[...]',
      dotpos: 'e,389.25,542.86 832.76,140.49 749.3,169.73 652.88,213.31 580,274.75 496.11,345.47 432.3,454.82 393.61,533.86',
      points: [
        [
          833,
          140,
        ],
        [
          749,
          170,
        ],
        [
          653,
          213,
        ],
        [
          580,
          275,
        ],
        [
          496,
          345,
        ],
        [
          432,
          455,
        ],
        [
          394,
          534,
        ],
      ],
      labelBBox: {
        x: 630.5,
        y: 280,
        width: 24,
        height: 18,
      },
      parent: null,
      relations: [
        '1qqckd4',
        '1d2ufi7',
      ],
      color: 'gray',
      line: 'dashed',
      head: 'normal',
      controlPoints: [
        {
          x: 702,
          y: 196,
        },
        {
          x: 470,
          y: 401,
        },
      ],
    },
    {
      id: 'hxv5tx',
      source: 'customer',
      target: 'prod.eu.zone1.server2.ui',
      label: '[...]',
      dotpos: 'e,854.31,543.12 982.57,179.99 948.24,277.19 893.4,432.43 857.8,533.23',
      points: [
        [
          983,
          180,
        ],
        [
          948,
          277,
        ],
        [
          893,
          432,
        ],
        [
          858,
          533,
        ],
      ],
      labelBBox: {
        x: 856,
        y: 232,
        width: 24,
        height: 18,
      },
      parent: null,
      relations: [
        '1qqckd4',
        '1d2ufi7',
      ],
      color: 'gray',
      line: 'dashed',
      head: 'normal',
      controlPoints: [
        {
          x: 921,
          y: 355,
        },
      ],
    },
    {
      id: '1pvctly',
      source: 'customer',
      target: 'prod.us.serv1.ui',
      label: '[...]',
      dotpos: 'e,1359.3,543.12 1082,179.99 1156.6,277.68 1276,434 1352.9,534.75',
      points: [
        [
          1082,
          180,
        ],
        [
          1157,
          278,
        ],
        [
          1276,
          434,
        ],
        [
          1353,
          535,
        ],
      ],
      labelBBox: {
        x: 1054,
        y: 225.5,
        width: 24,
        height: 18,
      },
      parent: null,
      relations: [
        '1qqckd4',
        '1d2ufi7',
      ],
      color: 'gray',
      line: 'dashed',
      head: 'normal',
      controlPoints: [
        {
          x: 1217,
          y: 356,
        },
      ],
    },
    {
      id: '1c09xyp',
      source: 'prod.eu.zone1.server1.ui',
      target: 'prod.eu.zone1.server1.graphql',
      label: '[...]',
      dotpos: 'e,351,874.54 351,722.55 351,766.26 351,819.11 351,864.16',
      points: [
        [
          351,
          723,
        ],
        [
          351,
          766,
        ],
        [
          351,
          819,
        ],
        [
          351,
          864,
        ],
      ],
      labelBBox: {
        x: 351,
        y: 793.5,
        width: 24,
        height: 18,
      },
      parent: 'prod.eu.zone1.server1',
      relations: [
        'ci8dgt',
        'njj2bv',
        '650ftt',
        'kv3t0l',
        '1oj61r6',
      ],
      color: 'gray',
      line: 'dashed',
      head: 'normal',
    },
    {
      id: '1lz86j5',
      source: 'prod.eu.zone1.server2.ui',
      target: 'prod.eu.zone1.server2.graphql',
      label: '[...]',
      dotpos: 'e,823,874.54 823,722.55 823,766.26 823,819.11 823,864.16',
      points: [
        [
          823,
          723,
        ],
        [
          823,
          766,
        ],
        [
          823,
          819,
        ],
        [
          823,
          864,
        ],
      ],
      labelBBox: {
        x: 823,
        y: 793.5,
        width: 24,
        height: 18,
      },
      parent: 'prod.eu.zone1.server2',
      relations: [
        'ci8dgt',
        'njj2bv',
        '650ftt',
        'kv3t0l',
        '1oj61r6',
      ],
      color: 'gray',
      line: 'dashed',
      head: 'normal',
    },
    {
      id: 'm4ekiv',
      source: 'prod.eu.zone1.server3.backend',
      target: 'prod.eu.zone1.server3.events',
      label: 'triggers',
      dotpos: 'e,311.05,1572.9 306.02,1400.6 294.38,1433.8 286.63,1472.2 293,1507.8 296.27,1526 301.55,1544.9 307.61,1562.9',
      points: [
        [
          306,
          1401,
        ],
        [
          294,
          1434,
        ],
        [
          287,
          1472,
        ],
        [
          293,
          1508,
        ],
        [
          296,
          1526,
        ],
        [
          302,
          1545,
        ],
        [
          308,
          1563,
        ],
      ],
      labelBBox: {
        x: 291,
        y: 1482,
        width: 49,
        height: 38,
      },
      parent: 'prod.eu.zone1.server3',
      relations: [
        'tjd6lh',
      ],
      color: 'gray',
      line: 'dashed',
      head: 'normal',
      technology: 'REST',
    },
    {
      id: 'zzn5bf',
      source: 'prod.eu.zone1.server1.graphql',
      target: 'prod.eu.zone1.server3.backend',
      label: '[...]',
      dotpos: 'e,337.19,1220.8 339.36,1054.1 337.03,1075.5 334.93,1098.3 333.75,1119.5 332.1,1149.1 333.58,1181.3 336.22,1210.5',
      points: [
        [
          339,
          1054,
        ],
        [
          337,
          1075,
        ],
        [
          335,
          1098,
        ],
        [
          334,
          1120,
        ],
        [
          332,
          1149,
        ],
        [
          334,
          1181,
        ],
        [
          336,
          1211,
        ],
      ],
      labelBBox: {
        x: 333.5,
        y: 1132.5,
        width: 24,
        height: 18,
      },
      parent: 'prod.eu.zone1',
      relations: [
        '7vlt6f',
        'p14epf',
      ],
      color: 'gray',
      line: 'dashed',
      head: 'normal',
    },
    {
      id: 'mdnpv0',
      source: 'prod.eu.zone1.server1.graphql',
      target: 'prod.eu.zone1.server4.backend',
      label: '[...]',
      dotpos: 'e,727.21,1220.9 419.11,1054.2 449.09,1086.9 486.99,1120.9 528.75,1141.2 554.23,1153.6 565.37,1139.6 592,1149.2 635.83,1165.2 679.89,1189.9 718.54,1215.1',
      points: [
        [
          419,
          1054,
        ],
        [
          449,
          1087,
        ],
        [
          487,
          1121,
        ],
        [
          529,
          1141,
        ],
        [
          554,
          1154,
        ],
        [
          565,
          1140,
        ],
        [
          592,
          1149,
        ],
        [
          636,
          1165,
        ],
        [
          680,
          1190,
        ],
        [
          719,
          1215,
        ],
      ],
      labelBBox: {
        x: 561.5,
        y: 1146.5,
        width: 24,
        height: 18,
      },
      parent: 'prod.eu.zone1',
      relations: [
        '7vlt6f',
        'p14epf',
      ],
      color: 'gray',
      line: 'dashed',
      head: 'normal',
    },
    {
      id: '1txcaco',
      source: 'prod.eu.zone1.server2.graphql',
      target: 'prod.eu.zone1.server3.backend',
      label: '[...]',
      dotpos: 'e,472.06,1220.9 700.88,1054.4 633.28,1103.6 549.26,1164.7 480.39,1214.9',
      points: [
        [
          701,
          1054,
        ],
        [
          633,
          1104,
        ],
        [
          549,
          1165,
        ],
        [
          480,
          1215,
        ],
      ],
      labelBBox: {
        x: 590.5,
        y: 1134.5,
        width: 24,
        height: 18,
      },
      parent: 'prod.eu.zone1',
      relations: [
        '7vlt6f',
        'p14epf',
      ],
      color: 'gray',
      line: 'dashed',
      head: 'normal',
    },
    {
      id: '4l2z5b',
      source: 'prod.eu.zone1.server2.graphql',
      target: 'prod.eu.zone1.server4.backend',
      label: '[...]',
      dotpos: 'e,837.09,1220.8 827.89,1054.2 830.53,1102 833.79,1161.1 836.52,1210.4',
      points: [
        [
          828,
          1054,
        ],
        [
          831,
          1102,
        ],
        [
          834,
          1161,
        ],
        [
          837,
          1210,
        ],
      ],
      labelBBox: {
        x: 832.5,
        y: 1132,
        width: 24,
        height: 18,
      },
      parent: 'prod.eu.zone1',
      relations: [
        '7vlt6f',
        'p14epf',
      ],
      color: 'gray',
      line: 'dashed',
      head: 'normal',
    },
    {
      id: '8tm83h',
      source: 'prod.eu.zone1.server3.backend',
      target: 'prod.eu.zone1.amazon.rds',
      label: 'reads/writes',
      description: {
        md: '## Reads/writes users table.\n\n[deprecated, moving to Aurora]',
      },
      dotpos: 'e,715.05,1575.9 387,1400.7 408.09,1440.2 438.55,1483.1 479.25,1507.8 522.33,1533.9 544.03,1503.9 592,1519.2 630.82,1531.7 670.29,1550.7 706.05,1570.8',
      points: [
        [
          387,
          1401,
        ],
        [
          408,
          1440,
        ],
        [
          439,
          1483,
        ],
        [
          479,
          1508,
        ],
        [
          522,
          1534,
        ],
        [
          544,
          1504,
        ],
        [
          592,
          1519,
        ],
        [
          631,
          1532,
        ],
        [
          670,
          1551,
        ],
        [
          706,
          1571,
        ],
      ],
      labelBBox: {
        x: 526,
        y: 1518.5,
        width: 77,
        height: 18,
      },
      parent: 'prod.eu.zone1',
      relations: [
        '14uyrh3',
      ],
      color: 'gray',
      line: 'dashed',
      head: 'normal',
      navigateTo: 'cloud-to-amazon',
    },
    {
      id: '1njgi00',
      source: 'prod.eu.zone1.server3.events',
      target: 'prod.eu.zone1.server4.backend',
      label: 'reuse',
      dotpos: 's,490,1572.9 e,729.63,1400.7 498.62,1567.2 527.86,1547.9 558.1,1527.5 586,1507.8 630.97,1475.9 679.19,1439.6 721.52,1407',
      points: [
        [
          499,
          1567,
        ],
        [
          528,
          1548,
        ],
        [
          558,
          1527,
        ],
        [
          586,
          1508,
        ],
        [
          631,
          1476,
        ],
        [
          679,
          1440,
        ],
        [
          722,
          1407,
        ],
      ],
      labelBBox: {
        x: 612,
        y: 1489,
        width: 38,
        height: 18,
      },
      parent: 'prod.eu.zone1',
      relations: [
        'gt9b5j',
      ],
      color: 'red',
      line: 'dashed',
      head: 'normal',
      tail: 'normal',
    },
    {
      id: '1x252je',
      source: 'prod.eu.zone1.server4.backend',
      target: 'prod.eu.zone1.amazon.rds',
      label: 'reads/writes',
      description: {
        md: '## Reads/writes users table.\n\n[deprecated, moving to Aurora]',
      },
      dotpos: 'e,842,1571.9 842,1400.5 842,1449.6 842,1510.7 842,1561.5',
      points: [
        [
          842,
          1401,
        ],
        [
          842,
          1450,
        ],
        [
          842,
          1511,
        ],
        [
          842,
          1562,
        ],
      ],
      labelBBox: {
        x: 842,
        y: 1481.5,
        width: 77,
        height: 18,
      },
      parent: 'prod.eu.zone1',
      relations: [
        '14uyrh3',
      ],
      color: 'gray',
      line: 'dashed',
      head: 'normal',
      navigateTo: 'cloud-to-amazon',
    },
    {
      id: 'lk78dt',
      source: 'prod.us.serv1.ui',
      target: 'prod.us.serv1.graphql',
      label: '[...]',
      dotpos: 'e,1427,874.54 1427,722.55 1427,766.26 1427,819.11 1427,864.16',
      points: [
        [
          1427,
          723,
        ],
        [
          1427,
          766,
        ],
        [
          1427,
          819,
        ],
        [
          1427,
          864,
        ],
      ],
      labelBBox: {
        x: 1427,
        y: 793.5,
        width: 24,
        height: 18,
      },
      parent: 'prod.us.serv1',
      relations: [
        'ci8dgt',
        'njj2bv',
        '650ftt',
        'kv3t0l',
        '1oj61r6',
      ],
      color: 'gray',
      line: 'dashed',
      head: 'normal',
    },
    {
      id: 'nrmsq',
      source: 'prod.us.serv1.graphql',
      target: 'prod.us.serv2.backend',
      label: '[...]',
      dotpos: 'e,1424.8,1220.8 1426.2,1054.2 1425.8,1102 1425.3,1161.1 1424.9,1210.4',
      points: [
        [
          1426,
          1054,
        ],
        [
          1426,
          1102,
        ],
        [
          1425,
          1161,
        ],
        [
          1425,
          1210,
        ],
      ],
      labelBBox: {
        x: 1425.5,
        y: 1132,
        width: 24,
        height: 18,
      },
      parent: 'prod.us',
      relations: [
        '7vlt6f',
        'p14epf',
      ],
      color: 'gray',
      line: 'dashed',
      head: 'normal',
    },
    {
      id: '18qokbv',
      source: 'prod.us.serv2.backend',
      target: 'prod.us.amazon.rds',
      label: 'reads/writes',
      description: {
        md: '## Reads/writes users table.\n\n[deprecated, moving to Aurora]',
      },
      dotpos: 'e,1424,1571.9 1424,1400.5 1424,1449.6 1424,1510.7 1424,1561.5',
      points: [
        [
          1424,
          1401,
        ],
        [
          1424,
          1450,
        ],
        [
          1424,
          1511,
        ],
        [
          1424,
          1562,
        ],
      ],
      labelBBox: {
        x: 1424,
        y: 1481.5,
        width: 77,
        height: 18,
      },
      parent: 'prod.us',
      relations: [
        '14uyrh3',
      ],
      color: 'gray',
      line: 'dashed',
      head: 'normal',
      navigateTo: 'cloud-to-amazon',
    },
    {
      id: 'mgf3t7',
      source: 'prod.eu.zone1.amazon.rds',
      target: 'prod.us.amazon.rds',
      label: 'replicates',
      dotpos: 's,1003,1662.8 e,1263.1,1662.8 1013,1662.8 1088.7,1662.8 1177.4,1662.8 1253,1662.8',
      points: [
        [
          1013,
          1663,
        ],
        [
          1089,
          1663,
        ],
        [
          1177,
          1663,
        ],
        [
          1253,
          1663,
        ],
      ],
      labelBBox: {
        x: 1133,
        y: 1663,
        width: 62,
        height: 18,
      },
      parent: 'prod',
      relations: [
        'k8jipk',
      ],
      color: 'green',
      line: 'dashed',
      head: 'normal',
      tail: 'normal',
    },
  ],
  _layout: 'manual',
  drifts: [
    'nodes-resized',
    'nodes-mismatch',
    'edges-mismatch',
  ],
}
