// Vitest Snapshot v1, https://vitest.dev/guide/snapshot.html

exports[`compute-element-view > view of cloud 1`] = `
{
  "autoLayout": "TB",
  "description": null,
  "edges": [
    {
      "id": "cloud.frontend:cloud.backend",
      "label": null,
      "parent": "cloud",
      "relations": [
        "cloud.frontend.dashboard:cloud.backend.graphql",
        "cloud.frontend.adminPanel:cloud.backend.graphql",
      ],
      "source": "cloud.frontend",
      "target": "cloud.backend",
    },
    {
      "id": "cloud.backend:amazon",
      "label": "uploads",
      "parent": null,
      "relations": [
        "cloud.backend.storage:amazon.s3",
      ],
      "source": "cloud.backend",
      "target": "amazon",
    },
    {
      "id": "customer:cloud.frontend",
      "label": "opens in browser",
      "parent": null,
      "relations": [
        "customer:cloud.frontend.dashboard",
      ],
      "source": "customer",
      "target": "cloud.frontend",
    },
    {
      "id": "support:cloud.frontend",
      "label": "manages",
      "parent": null,
      "relations": [
        "support:cloud.frontend.adminPanel",
      ],
      "source": "support",
      "target": "cloud.frontend",
    },
  ],
  "id": "index",
  "links": null,
  "nodes": [
    {
      "children": [],
      "color": "primary",
      "description": null,
      "id": "support",
      "inEdges": [],
      "kind": "actor",
      "level": 0,
      "links": null,
      "outEdges": [
        "support:cloud.frontend",
      ],
      "parent": null,
      "shape": "person",
      "tags": null,
      "technology": null,
      "title": "support",
    },
    {
      "children": [],
      "color": "primary",
      "description": null,
      "id": "customer",
      "inEdges": [],
      "kind": "actor",
      "level": 0,
      "links": null,
      "outEdges": [
        "customer:cloud.frontend",
      ],
      "parent": null,
      "shape": "person",
      "tags": null,
      "technology": null,
      "title": "customer",
    },
    {
      "children": [],
      "color": "primary",
      "description": null,
      "id": "cloud.frontend",
      "inEdges": [
        "customer:cloud.frontend",
        "support:cloud.frontend",
      ],
      "kind": "container",
      "level": 1,
      "links": null,
      "outEdges": [
        "cloud.frontend:cloud.backend",
      ],
      "parent": "cloud",
      "shape": "browser",
      "tags": null,
      "technology": null,
      "title": "frontend",
    },
    {
      "children": [],
      "color": "primary",
      "description": null,
      "id": "cloud.backend",
      "inEdges": [
        "cloud.frontend:cloud.backend",
      ],
      "kind": "container",
      "level": 1,
      "links": null,
      "outEdges": [
        "cloud.backend:amazon",
      ],
      "parent": "cloud",
      "shape": "rectangle",
      "tags": null,
      "technology": null,
      "title": "backend",
    },
    {
      "children": [
        "cloud.frontend",
        "cloud.backend",
      ],
      "color": "primary",
      "description": null,
      "id": "cloud",
      "inEdges": [],
      "kind": "system",
      "level": 0,
      "links": null,
      "outEdges": [],
      "parent": null,
      "shape": "rectangle",
      "tags": null,
      "technology": null,
      "title": "cloud",
    },
    {
      "children": [],
      "color": "primary",
      "description": null,
      "id": "amazon",
      "inEdges": [
        "cloud.backend:amazon",
      ],
      "kind": "system",
      "level": 0,
      "links": null,
      "outEdges": [],
      "parent": null,
      "shape": "rectangle",
      "tags": null,
      "technology": null,
      "title": "amazon",
    },
  ],
  "tags": null,
  "title": null,
  "viewOf": "cloud",
}
`;

exports[`compute-element-view > view of cloud.frontend 1`] = `[Function]`;
